11:48:04 **** Incremental Build of configuration Debug for project 20.01_While_Loop ****
make all 
Building file: ../main.c
Invoking: GCC C Compiler
gcc -O0 -g3 -Wall -c -fmessage-length=0 -MMD -MP -MF"main.d" -MT"main.o" -o "main.o" "../main.c"
Finished building: ../main.c
 
Building target: 20.01_While_Loop
Invoking: GCC C Linker
gcc  -o "20.01_While_Loop" ./main.o   
Finished building target: 20.01_While_Loop
 
11:48:06 **** Incremental Build of configuration Debug for project 20.01_While_Loop ****
make all 
make: Nothing to be done for 'all'.
11:48:21 **** Incremental Build of configuration Debug for project 20.01_While_Loop ****
make all 
Building file: ../main.c
Invoking: GCC C Compiler
gcc -O0 -g3 -Wall -c -fmessage-length=0 -MMD -MP -MF"main.d" -MT"main.o" -o "main.o" "../main.c"
Finished building: ../main.c
 
Building target: 20.01_While_Loop
Invoking: GCC C Linker
gcc  -o "20.01_While_Loop" ./main.o   
Finished building target: 20.01_While_Loop
 
11:50:47 **** Build of configuration Debug for project 20.01_While_Loop ****
make all 
make: Nothing to be done for 'all'.
11:52:56 **** Build of configuration Debug for project 20.01_While_Loop ****
make all 
Building file: ../main.c
Invoking: GCC C Compiler
gcc -O0 -g3 -Wall -c -fmessage-length=0 -MMD -MP -MF"main.d" -MT"main.o" -o "main.o" "../main.c"
Finished building: ../main.c
 
Building target: 20.01_While_Loop
Invoking: GCC C Linker
gcc  -o "20.01_While_Loop" ./main.o   
Finished building target: 20.01_While_Loop
 
11:57:19 **** Build of configuration Debug for project 20.01_While_Loop ****
make all 
Building file: ../main.c
Invoking: GCC C Compiler
gcc -O0 -g3 -Wall -c -fmessage-length=0 -MMD -MP -MF"main.d" -MT"main.o" -o "main.o" "../main.c"
Finished building: ../main.c
 
Building target: 20.01_While_Loop
Invoking: GCC C Linker
gcc  -o "20.01_While_Loop" ./main.o   
Finished building target: 20.01_While_Loop
 
11:57:40 **** Incremental Build of configuration Debug for project 20.01_While_Loop ****
make all 
Building file: ../main.c
Invoking: GCC C Compiler
gcc -O0 -g3 -Wall -c -fmessage-length=0 -MMD -MP -MF"main.d" -MT"main.o" -o "main.o" "../main.c"
Finished building: ../main.c
 
Building target: 20.01_While_Loop
Invoking: GCC C Linker
gcc  -o "20.01_While_Loop" ./main.o   
Finished building target: 20.01_While_Loop
 
11:57:52 **** Incremental Build of configuration Debug for project 20.01_While_Loop ****
make all 
Building file: ../main.c
Invoking: GCC C Compiler
gcc -O0 -g3 -Wall -c -fmessage-length=0 -MMD -MP -MF"main.d" -MT"main.o" -o "main.o" "../main.c"
Finished building: ../main.c
 
Building target: 20.01_While_Loop
Invoking: GCC C Linker
gcc  -o "20.01_While_Loop" ./main.o   
Finished building target: 20.01_While_Loop
 
11:58:47 **** Incremental Build of configuration Debug for project 20.01_While_Loop ****
make all 
Building file: ../main.c
Invoking: GCC C Compiler
gcc -O0 -g3 -Wall -c -fmessage-length=0 -MMD -MP -MF"main.d" -MT"main.o" -o "main.o" "../main.c"
Finished building: ../main.c
 
Building target: 20.01_While_Loop
Invoking: GCC C Linker
gcc  -o "20.01_While_Loop" ./main.o   
Finished building target: 20.01_While_Loop
 
